
 KARVAN

 Start     Length     Name                   Class                  Group
 0001:0000 015ECH     KARVAN                 CODE 
 0001:15EC 00A28H     CADASTRO               CODE 
 0001:2014 0084EH     CONSULTA               CODE 
 0001:2862 00857H     UTILIT                 CODE 
 0001:30BA 0007DH     INIVAENV               CODE 
 0001:3138 0007DH     INIVAPED               CODE 
 0001:31B6 00098H     PUVARDA                CODE 
 0001:324E 00050H     PUVARPED               CODE 
 0001:329E 0004DH     PUVARENT               CODE 
 0001:32EC 002DEH     IGUAVARPE              CODE 
 0001:35CA 0010AH     IGUAVARDA              CODE 
 0001:36D4 00071H     IGUAVARCHE             CODE 
 0001:3746 00083H     IGUAVAENT              CODE 
 0001:37CA 0010AH     REPLCLI                CODE 
 0001:38D4 00083H     PUVARCLI               CODE 
 0001:3958 000F6H     INIVACLI               CODE 
 0001:3A4E 0071FH     MOSTECLI               CODE 
 0001:416E 000ABH     INIVAFOR               CODE 
 0001:421A 00062H     PUVARFOR               CODE 
 0001:427C 0004DH     PUVARCHE               CODE 
 0001:42CA 00409H     MOSTEFOR               CODE 
 0001:46D4 0008CH     REPLCHE                CODE 
 0001:4760 000B9H     REPLFOR                CODE 
 0001:481A 002ABH     INIVARPE               CODE 
 0001:4AC6 00113H     INIVARDA               CODE 
 0001:4BDA 0006FH     INIVACHE               CODE 
 0001:4C4A 0031CH     MOSTEXCHE              CODE 
 0001:4F66 013BDH     MOSTEXPE               CODE 
 0001:6324 008E8H     TEXPECA                CODE 
 0001:6C0C 00140H     PUVARPE                CODE 
 0001:6D4C 0028CH     REPLPEC                CODE 
 0001:6FD8 00125H     REPLDA                 CODE 
 0001:70FE 00710H     VENDA                  CODE 
 0001:780E 00230H     REPLVANOT              CODE 
 0001:7A3E 0030BH     IMPARQPED              CODE 
 0001:7D4A 000EFH     IGUAVACLI              CODE 
 0001:7E3A 00075H     IGUAVANOT              CODE 
 0001:7EB0 00087H     IGUAVAENV              CODE 
 0001:7F38 00053H     PUVARENV               CODE 
 0001:7F8C 0004DH     PUVARNOT               CODE 
 0001:7FDA 00227H     MOSTENOT               CODE 
 0001:8202 002CFH     MOSTEENV               CODE 
 0001:84D2 0008CH     REPLNOT                CODE 
 0001:855E 0009EH     REPLENV                CODE 
 0001:85FC 0009EH     IGUAVAFOR              CODE 
 0001:869A 0018AH     REINDEX                CODE 
 0001:8824 00CD9H     REINPECA               CODE 
 0001:94FE 00251H     REINFORN               CODE 
 0001:9750 000C8H     REINIBPT               CODE 
 0001:9818 000C8H     REINCEST               CODE 
 0001:98E0 00109H     REINENDE               CODE 
 0001:99EA 00194H     REINNOTA               CODE 
 0001:9B7E 00311H     REINPAGA               CODE 
 0001:9E90 00216H     REINDECRE              CODE 
 0001:A0A6 001D4H     REINDEVOL              CODE 
 0001:A27A 002A1H     REINENTR               CODE 
 0001:A51C 001ACH     REINENTRAD             CODE 
 0001:A6C8 000AFH     REINROTA               CODE 
 0001:A778 00198H     REINMOTO               CODE 
 0001:A910 0027FH     REINCHE                CODE 
 0001:AB90 00207H     RENTRCLI               CODE 
 0001:AD98 001FDH     REINRELE               CODE 
 0001:AF96 001ADH     REINCLIE               CODE 
 0001:B144 00791H     REINGARA               CODE 
 0001:B8D6 000FFH     REINFUNC               CODE 
 0001:B9D6 001E5H     REINORCA               CODE 
 0001:BBBC 003F4H     REINCUPO               CODE 
 0001:BFB0 001ABH     REINENVIA              CODE 
 0001:C15C 000FFH     REINPEDC               CODE 
 0001:C25C 00102H     REINORPE               CODE 
 0001:C35E 00A66H     DEVOLUCAO              CODE 
 0001:CDC4 001B8H     DEL                    CODE 
 0001:CF7C 0069FH     REC                    CODE 
 0001:D61C 000CFH     INIVARGA               CODE 
 0001:D6EC 00071H     PUVARGA                CODE 
 0001:D75E 000E6H     REPLGAR                CODE 
 0001:D844 000CBH     IGUAVARGA              CODE 
 0001:D910 0017AH     ACESSO                 CODE 
 0001:DA8A 00181H     CONCLI1                CODE 
 0001:DC0C 0038FH     WDBEDIT                CODE 
 0001:DF9C 00186H     CONFOR1                CODE 
 0001:E122 00360H     TDBEDIT                CODE 
 0001:E482 001D0H     MOSTEXCUPO             CODE 
 0001:E652 008AAH     DADOS                  CODE 
 0001:EEFC 000A0H     DADOS2                 CODE 
 0001:EF9C 000ECH     CLIENTES               CODE 
 0001:F088 0009FH     ORCA                   CODE 
 0001:F128 000A1H     CHEQUE                 CODE 
 0001:F1CA 000A2H     ORCAPED                CODE 
 0001:F26C 000C4H     PEDIDOEX               CODE 
 0001:F330 00119H     CLIENTEX               CODE 
 0001:F44A 000D7H     CONFEREX               CODE 
 0001:F522 00131H     ENTREGEX               CODE 
 0001:F654 00119H     RELEX                  CODE 
 0001:F76E 0010DH     ORCAEX                 CODE 
 0001:F87C 00116H     ORCAPEDEX              CODE 
 0001:F992 00119H     ENTREX                 CODE 
 0001:FAAC 000DEH     ROTA                   CODE 
 0001:FB8A 000E3H     CUPOM                  CODE 
 0001:FC6E 000ECH     ENVIADOS               CODE 
 0001:FD5A 00110H     CUPOMEX                CODE 
 0001:FE6A 00119H     ENVIAEX                CODE 
 0002:0000 000E3H     FECHA                  CODE 
 0002:00E4 000E6H     FORNEC                 CODE 
 0002:01CA 00113H     FORNECEX               CODE 
 0002:02DE 0010DH     FUNCEX                 CODE 
 0002:03EC 000E0H     FUNCI                  CODE 
 0002:04CC 00119H     GARANTEX               CODE 
 0002:05E6 000F5H     GARANTIA               CODE 
 0002:06DC 000E3H     PECAS                  CODE 
 0002:07C0 000A3H     ENDERECO               CODE 
 0002:0864 000ECH     DEVOLCRE               CODE 
 0002:0950 000ECH     DEVOLCEX               CODE 
 0002:0A3C 000E9H     ENTRADA                CODE 
 0002:0B26 000E0H     CEST                   CODE 
 0002:0C06 000E0H     IBPT                   CODE 
 0002:0CE6 000EFH     PAGAMENTO              CODE 
 0002:0DD6 000EFH     PAGAMENTEX             CODE 
 0002:0EC6 000E3H     NOTAS                  CODE 
 0002:0FAA 000EFH     DEVOLU                 CODE 
 0002:109A 000EFH     DEVOLEX                CODE 
 0002:118A 000ECH     ENTR_CLI               CODE 
 0002:1276 000ECH     ENTR_CLEX              CODE 
 0002:1362 000A0H     TRAVA                  CODE 
 0002:1402 000A3H     TRAVAPED               CODE 
 0002:14A6 000A1H     FISCAL                 CODE 
 0002:1548 000E9H     MOTOBOY                CODE 
 0002:1632 000E9H     ENTREGA                CODE 
 0002:171C 000ECH     REL_ENTR               CODE 
 0002:1808 000ECH     REL_ENTEX              CODE 
 0002:18F4 000A0H     SENHADBF               CODE 
 0002:1994 00110H     PECASEX                CODE 
 0002:1AA4 000E6H     PEDCUP                 CODE 
 0002:1B8A 0010DH     PEDCUPEX               CODE 
 0002:1C98 00A0FH     REIMCUPO               CODE 
 0002:26A8 01261H     R2DBEDIT               CODE 
 0002:390A 000E4H     IMPRIME                CODE 
 0002:39EE 000F3H     SOMATOTAL              CODE 
 0002:3AE2 00118H     BLOQUEIO               CODE 
 0002:3BFA 0004FH     CALC                   CODE 
 0002:3C4A 01079H     CALCULA                CODE 
 0002:4CC4 003CAH     BOT_CALC               CODE 
 0002:508E 002C9H     SOMBRA_CAL             CODE 
 0002:5358 00034H     OTARIOS                CODE 
 0002:538C 00F13H     C_PECAS                CODE 
 0002:62A0 0050EH     IMPCABEC               CODE 
 0002:67AE 00982H     DESC1                  CODE 
 0002:7130 0053BH     INDEXAR                CODE 
 0002:766C 000FEH     BUSCANUMER             CODE 
 0002:776A 0017BH     ASTERISCO              CODE 
 0002:78E6 0042AH     SENHA                  CODE 
 0002:7D10 00123H     ENCRYPT                CODE 
 0002:7E34 0014AH     DECRYPT                CODE 
 0002:7F7E 00948H     COMISSAO               CODE 
 0002:88C6 00BDBH     DELNOTAS               CODE 
 0002:94A2 001B5H     CALCDIG                CODE 
 0002:9658 00979H     REIMORCA               CODE 
 0002:9FD2 00D6FH     IDBEDIT                CODE 
 0002:AD42 0005BH     ERRORSYS               CODE 
 0002:AD9E 00338H     TESTA_CNPJ             CODE 
 0002:B0D6 00318H     TESTA_CPF              CODE 
 0002:B3EE 00077H     ENTRE                  CODE 
 0002:B466 00077H     RENTR                  CODE 
 0002:B4DE 00077H     ENTRCLI                CODE 
 0002:B556 00DF6H     SAIDA                  CODE 
 0002:C34C 00288H     CHEGADA                CODE 
 0002:C5D4 00694H     PDBEDIT                CODE 
 0002:CC68 000D4H     SEC2TIME               CODE 
 0002:CD3C 000D1H     TIME2SEC               CODE 
 0002:CE0E 00276H     TESTAPONTO             CODE 
 0002:D084 004E2H     FORMACRE               CODE 
 0002:D566 00284H     FORMAPAG               CODE 
 0002:D7EA 00D21H     EXT                    CODE 
 0002:E50C 003ABH     LETRAALETR             CODE 
 0002:E8B8 000AFH     PESQ_DBEDI             CODE 
 0002:E968 00075H     CONTROLE               CODE 
 0002:E9DE 00182H     KEYOTARIOS             CODE 
 0002:EB60 00182H     KEYNORMAL              CODE 
 0002:ECE2 0015AH     DESTRAVA               CODE 
 0002:EE3C 008B0H     ZEBRA                  CODE 
 0002:F6EC 00091H     TESTACOD               CODE 
 0002:F77E 001DEH     DBFPEDIDO              CODE 
 0002:F95C 001E6H     DBFPEDORCA             CODE 
 0002:FB42 000D4H     PEDIDODBF              CODE 
 0002:FC16 0015BH     DEVOLCREDB             CODE 
 0002:FD72 0011AH     DEVTEMPDBF             CODE 
 0002:FE8C 00117H     DBFCONFERE             CODE 
 0003:0000 0003EH     TESTAIMP               CODE 
 0003:003E 00047H     NORMAL                 CODE 
 0003:0086 00045H     PEQUENO                CODE 
 0003:00CC 00045H     L_DUPLA                CODE 
 0003:0112 00044H     GUILHOTINA             CODE 
 0003:0156 0020DH     SAIDISTRIB             CODE 
 0003:0364 001ABH     ENTRADISTR             CODE 
 0003:0510 002B3H     IMPRI_ORCA             CODE 
 0003:07C4 001F8H     CONFIRMA               CODE 
 0003:09BC 005BDH     MOSTEXGAR              CODE 
 0003:0F7A 0024FH     DBFXLS                 CODE 
 0003:11CA 00480H     FORMPAG                CODE 
 0003:164A 0024BH     IMPRI_GAR              CODE 
 0003:1896 00116H     CANHOTO                CODE 
 0003:19AC 003A9H     CADCLI                 CODE 
 0003:1D56 0110BH     CADGAR                 CODE 
 0003:2E62 002D9H     CADFOR                 CODE 
 0003:313C 00257H     CONNOTA                CODE 
 0003:3394 000B1H     ZDBEDIT                CODE 
 0003:3446 00B01H     ENTRANOT               CODE 
 0003:3F48 02511H     PKIDBED                CODE 
 0003:645A 00508H     CADNOTA                CODE 
 0003:6962 003EAH     CONNOTAS               CODE 
 0003:6D4C 01032H     CRDBEDIT               CODE 
 0003:7D7E 009A9H     CADMAX                 CODE 
 0003:8728 012F4H     CADRECIB               CODE 
 0003:9A1C 0039CH     CONPAGA                CODE 
 0003:9DB8 012BDH     SDBEDIT                CODE 
 0003:B076 00571H     CADCHE                 CODE 
 0003:B5E8 0045EH     CONCLI                 CODE 
 0003:BA46 018B3H     CDBEDIT                CODE 
 0003:D2FA 0057DH     CONNOT                 CODE 
 0003:D878 021CFH     DDBEDIT                CODE 
 0003:FA48 0029BH     CONFOR                 CODE 
 0004:0000 00AA4H     EDBEDIT                CODE 
 0004:0AA4 0047DH     CONGAR                 CODE 
 0004:0F22 0153AH     GDBEDIT                CODE 
 0004:245C 00280H     CONCHE                 CODE 
 0004:26DC 010E9H     ZZDBEDIT               CODE 
 0004:37C6 00805H     ORCAMEN                CODE 
 0004:3FCC 003D0H     CONORCA                CODE 
 0004:439C 00955H     HDBEDIT                CODE 
 0004:4CF2 00387H     ENTREGAS               CODE 
 0004:507A 006F5H     ODBEDIT                CODE 
 0004:5770 00558H     CADENTR                CODE 
 0004:5CC8 004D6H     RELENTR                CODE 
 0004:619E 02AB8H     NDBEDIT                CODE 
 0004:8C56 00640H     CONVENDA               CODE 
 0004:9296 01B59H     CANCELA                CODE 
 0004:ADF0 00579H     CONPEC                 CODE 
 0005:0000 07635H     BDBEDIT                CODE 
 0005:7636 00ECEH     CADNOT                 CODE 
 0005:8504 01AAAH     KKIDBED                CODE 
 0005:9FAE 00274H     TMOTO                  CODE 
 0005:A222 00369H     PEDIDO                 CODE 
 0005:A58C 03DBDH     ADBEDIT                CODE 
 0005:E34A 00A1AH     PRINTER                CODE 
 0005:ED64 00449H     CONFECHA               CODE 
 0005:F1AE 003A5H     UNIFICA                CODE 
 0005:F554 0037FH     ENVIA                  CODE 
 0006:0000 00D3DH     XXBEDIT                CODE 
 0006:0D3E 0132CH     DEVCRED                CODE 
 0006:206A 02A82H     CONDIV                 CODE 
 0006:4AEC 00A10H     CONHORA                CODE 
 0006:54FC 0045AH     PEDORCA                CODE 
 0006:5956 011BDH     YDBEDIT                CODE 
 0006:6B14 003A6H     CONDECRE               CODE 
 0006:6EBA 00869H     GXDBEDIT               CODE 
 0006:7724 0061CH     CADPEC                 CODE 
 0006:7D40 000CCH     TIMESLIC_TEXT          CODE 
 0006:7E0C 003C0H     PEDPECA                CODE 
 0006:81CC 021CCH     KLDBEDIT               CODE 
 0006:A398 00748H     NATION_TEXT            CODE 
 0006:AAE0 0040AH     DEFERROR               CODE 
 0006:AEEA 00155H     ERRORMESSA             CODE 
 0006:B040 015CDH     MOSTRAERRO             CODE 
 0006:C60E 00047H     REL_LI_NHA             CODE 
 0006:C656 000F9H     DEFERROR2              CODE 
 0006:C750 0054FH     GRAVAERRO              CODE 
 0006:CCA0 0053BH     MOS_TRA                CODE 
 0006:D1DC 0031BH     PCTENCRYPT             CODE 
 0006:D4F8 002F8H     PCTDECRYPT             CODE 
 0006:D7F0 006F0H     BILD5                  CODE 
 0006:DEE0 00196H     J_ANELA                CODE 
 0006:E076 0002AH     STATICS$               CODE 
 0006:E0A0 00035H     STATICS$               CODE 
 0006:E0D6 00022H     STATICS$               CODE 
 0006:E0F8 00024H     STATICS$               CODE 
 0006:E11C 0002DH     STATICS$               CODE 
 0006:E14A 000D0H     STATICS$               CODE 
 0006:E21A 00024H     STATICS$               CODE 
 0006:E23E 0002BH     STATICS$               CODE 
 0006:E26A 00020H     STATICS$               CODE 
 0006:E28A 0035EH     RELAT                  CODE 
 0006:E5E8 0063FH     RDBEDIT                CODE 
 0006:EC28 00380H     ENTR_PEC               CODE 
 0006:EFA8 001FDH     CEBEDIT                CODE 
 0006:F1A6 003FEH     CONDEVOL               CODE 
 0007:0000 00E90H     LDBEDIT                CODE 
 0007:0E90 0020FH     LIMPATEM               CODE 
 0007:10A0 002C4H     ENTREG                 CODE 
 0007:1364 0085CH     MDBEDIT                CODE 
 0007:1BC0 0020EH     CONPED                 CODE 
 0007:1DCE 006BAH     YZDBEDIT               CODE 
 0007:2488 00AB6H     ESTMIN                 CODE 
 0007:2F3E 014F4H     LKIDBED                CODE 
 0008:0000 00603H     _NTOOL                 CODE                   TGROUP
 0009:0000 00382H     _NVIDEO                CODE                   NTGROUP
 000A:0000 000ACH     AUTYIELD_TEXT          CODE 
 000A:00B0 0009BH     CODE                   CODE 
 000A:014C 00033H     CDXINIT$               CODE 
 000A:0180 00020H     DBFCDX                 CODE 
 000A:01A0 038C4H     _TEXT                  CODE 
 000A:3A64 023D0H     CL53RDD_TEXT           CODE 
 000A:5E34 0381EH     FLEXAREA_TEXT          CODE 
 000A:9652 01BC4H     INDEX_TEXT             CODE 
 000A:B216 00718H     CACHE_TEXT             CODE 
 000A:B92E 0019DH     MEMORY_TEXT            CODE 
 000A:BACC 004E4H     HEADERS_TEXT           CODE 
 000A:BFB0 00068H     COMPAT_TEXT            CODE 
 000A:C018 00246H     COMPRESS_TEXT          CODE 
 000A:C25E 01124H     FLEXERR_TEXT           CODE 
 000A:D382 001F2H     ULSTACK_TEXT           CODE 
 000A:D574 0159EH     CLRDDSUB_TEXT          CODE 
 000A:EB12 00378H     ITEMAPIX_TEXT          CODE 
 000B:0000 02152H     CLCORE_TEXT            CODE 
 000B:2160 02C48H     EMULATOR_TEXT          CODE 
 000B:4DA8 0034BH     ASUPPORT_TEXT          CODE 
 000B:50F4 00135H     DYNAMIC_TEXT           CODE 
 000B:522A 0252AH     MACRO_TEXT             CODE 
 000B:7754 02219H     PLANKTON_TEXT          CODE 
 000B:996E 01AF6H     STACK_TEXT             CODE 
 000B:B464 03677H     VM_TEXT                CODE 
 000B:EADB 014BAH     SCREEN_DRIVER_TEXT     CODE 
 000C:0000 0012CH     TB_TEXT                CODE 
 000C:012C 00077H     WEEDBED_TEXT           CODE 
 000C:01A4 00005H     EXO01_TEXT             CODE 
 000C:01AA 00005H     EXO05_TEXT             CODE 
 000C:01B0 00040H     RAT04_TEXT             CODE 
 000C:01F0 00044H     RAT05_TEXT             CODE 
 000C:0234 0006CH     RAT06_TEXT             CODE 
 000C:02A0 0016CH     RAT07_TEXT             CODE 
 000C:040C 00000H     SORTBLOC_TEXT          CODE 
 000C:040C 000DCH     TSUPPORT_TEXT          CODE 
 000C:04E8 005D3H     FILESYS_TEXT           CODE 
 000C:0ABC 00818H     DATE_TEXT              CODE 
 000C:12D4 00052H     OSDATE_TEXT            CODE 
 000C:1326 00970H     TXOPEN_TEXT            CODE 
 000C:1C96 00094H     GETENV_TEXT            CODE 
 000C:1D2A 005ECH     DVC_TEXT               CODE 
 000C:2316 00084H     FPVALID_TEXT           CODE 
 000C:239A 00018H     STRCAT_TEXT            CODE 
 000C:23B2 00018H     STRCPY_TEXT            CODE 
 000C:23CA 00012H     STRLEN_TEXT            CODE 
 000C:23DC 0001CH     STRNCPY_TEXT           CODE 
 000C:23F8 00034H     SQUAWK_TEXT            CODE 
 000C:242C 0025EH     INITEXIT_TEXT          CODE 
 000C:268A 00392H     APPINIT_TEXT           CODE 
 000C:2A1C 0017CH     APPEXIT_TEXT           CODE 
 000C:2B98 004C6H     CAWDCIDI_TEXT          CODE 
 000C:305E 00000H     CAWDCIEX_TEXT          CODE 
 000C:305E 00030H     HARDINIT_TEXT          CODE 
 000C:308E 00136H     MAIN_TEXT              CODE 
 000C:31C4 00264H     UPREF_TEXT             CODE 
 000C:3428 0002CH     CLIPINIT$              CODE 
 000C:3454 0001AH     SYSINIT                CODE 
 000C:346E 00154H     RUN_TEXT               CODE 
 000C:35C2 00033H     SYSCALL_TEXT           CODE 
 000C:35F5 003D7H     EVENT_DRIVER_TEXT      CODE 
 000C:39CC 00E84H     EVENT_TEXT             CODE 
 000C:4850 00014H     EVDATA_TEXT            CODE 
 000C:4864 00400H     DYNC_TEXT              CODE 
 000C:4C64 00042H     DYNA_TEXT              CODE 
 000C:4CA6 006EEH     SYMSYS_TEXT            CODE 
 000C:5394 031C9H     OM_TEXT                CODE 
 000C:855E 00484H     FIELD_TEXT             CODE 
 000C:89E2 00932H     EXTEND_TEXT            CODE 
 000C:9314 0019EH     CALL_TEXT              CODE 
 000C:94B2 001D0H     FGET_TEXT              CODE 
 000C:9682 00A74H     SEND_TEXT              CODE 
 000C:A0F6 006E8H     SET_TEXT               CODE 
 000C:A7DE 01988H     OPS_TEXT               CODE 
 000C:C166 000F0H     EXACTCMP_TEXT          CODE 
 000C:C256 000E0H     ADEL_TEXT              CODE 
 000C:C336 0003AH     ATAIL_TEXT             CODE 
 000C:C370 00226H     MRELEASE_TEXT          CODE 
 000C:C596 000CEH     __SETCENTU             CODE 
 000C:C664 00256H     ERRSYS0_TEXT           CODE 
 000C:C8BA 0109EH     ERRSYS1_TEXT           CODE 
 000C:D958 001C8H     SEQ_TEXT               CODE 
 000C:DB20 00176H     AEVAL_TEXT             CODE 
 000C:DC96 001B4H     ERRORAPI_TEXT          CODE 
 000C:DE4A 00662H     ALLOC_TEXT             CODE 
 000C:E4AC 004A2H     VMAPI_TEXT             CODE 
 000C:E94E 001DDH     KMAP_TEXT              CODE 
 000C:EB2C 0024BH     SUBAL_TEXT             CODE 
 000C:ED78 00065H     OSMEM_TEXT             CODE 
 000C:EDDE 00004H     OSME_TEXT              CODE 
 000C:EDE2 000C0H     XMACRO_TEXT            CODE 
 000C:EEA2 006CAH     DYNX_TEXT              CODE 
 000C:F56C 0001DH     INSTD_TEXT             CODE 
 000C:F58A 00640H     OUTSTD_TEXT            CODE 
 000D:0000 01B86H     GT_TEXT                CODE 
 000D:1B86 0058CH     MOUSE_TEXT             CODE 
 000D:2112 017E8H     TERM_TEXT              CODE 
 000D:38FA 00172H     BOX_TEXT               CODE 
 000D:3A6C 00188H     TCVT_TEXT              CODE 
 000D:3BF4 00020H     MAXROW_TEXT            CODE 
 000D:3C14 0073AH     COLOR_TEXT             CODE 
 000D:434E 0001AH     SETCURS_TEXT           CODE 
 000D:4368 003DAH     SAVEREST_TEXT          CODE 
 000D:4742 000BEH     SCROLL_TEXT            CODE 
 000D:4800 0003BH     __SETHELPK             CODE 
 000D:483C 00FBCH     PICT_TEXT              CODE 
 000D:57F8 0060CH     GETS0_TEXT             CODE 
 000D:5E04 01076H     GETS1_TEXT             CODE 
 000D:6E7A 01FDCH     GETS2_TEXT             CODE 
 000D:8E56 00016H     VIDEO_TEXT             CODE 
 000D:8E6C 00046H     _DUMMY_TEXT            CODE 
 000D:8EB2 000A9H     GETNEW                 CODE 
 000D:8F5C 00021H     __GETHASFO             CODE 
 000D:8F7E 0002CH     __GETBUFFE             CODE 
 000D:8FAA 0002CH     __GETORIGI             CODE 
 000D:8FD6 0002FH     __GETSETCA             CODE 
 000D:9006 000D1H     __GETSETCN             CODE 
 000D:90D8 00035H     __GETSETCP             CODE 
 000D:910E 00036H     __GETSETCC             CODE 
 000D:9144 00036H     __GETSETCR             CODE 
 000D:917A 00035H     __GETSETME             CODE 
 000D:91B0 00032H     __GETSETBL             CODE 
 000D:91E2 00032H     __GETSETNA             CODE 
 000D:9214 00032H     __GETSETPI             CODE 
 000D:9246 00032H     __GETSETPB             CODE 
 000D:9278 00032H     __GETSETPR             CODE 
 000D:92AA 00032H     __GETSETSU             CODE 
 000D:92DC 00032H     __GETSETEX             CODE 
 000D:930E 00032H     __GETSETRE             CODE 
 000D:9340 00035H     __GETSETBU             CODE 
 000D:9376 00060H     __GETBADDA             CODE 
 000D:93D6 00042H     __GETUNDO              CODE 
 000D:9418 0008CH     __GETTODEC             CODE 
 000D:94A4 0002CH     __GETDWLEF             CODE 
 000D:94D0 0002BH     __GETHITTE             CODE 
 000D:94FC 000D5H     GETHITTEST             CODE 
 000D:95D2 00329H     READMODAL              CODE 
 000D:98FC 00187H     GETREADER              CODE 
 000D:9A84 002B1H     GUIREADER              CODE 
 000D:9D36 00219H     TBREADER               CODE 
 000D:9F50 00195H     HITTEST                CODE 
 000D:A0E6 00091H     HITTEST                CODE 
 000D:A178 002A6H     ACCELERATO             CODE 
 000D:A41E 0059CH     GETAPPLYKE             CODE 
 000D:A9BA 0034DH     GETAPPLYKE             CODE 
 000D:AD08 0059DH     GUIAPPLYKE             CODE 
 000D:B2A6 0026FH     TBAPPLYKEY             CODE 
 000D:B516 000CAH     GETPREVALI             CODE 
 000D:B5E0 00155H     GETPOSTVAL             CODE 
 000D:B736 000C8H     GUIPREVALI             CODE 
 000D:B7FE 00177H     GUIPOSTVAL             CODE 
 000D:B976 000A8H     GETDOSETKE             CODE 
 000D:BA1E 001F8H     SETTLE                 CODE 
 000D:BC16 0003EH     POSTACTIVE             CODE 
 000D:BC54 000ACH     CLEARGETSY             CODE 
 000D:BD00 00056H     RESTOREGET             CODE 
 000D:BD56 00083H     GETREADVAR             CODE 
 000D:BDDA 00039H     __SETFORMA             CODE 
 000D:BE14 00024H     __KILLREAD             CODE 
 000D:BE38 0003CH     GETACTIVE              CODE 
 000D:BE74 00024H     UPDATED                CODE 
 000D:BE98 0002DH     READEXIT               CODE 
 000D:BEC6 0002DH     READINSERT             CODE 
 000D:BEF4 00069H     SHOWSCOREB             CODE 
 000D:BF5E 0007FH     DATEMSG                CODE 
 000D:BFDE 00104H     RANGECHECK             CODE 
 000D:C0E2 0003CH     READKILL               CODE 
 000D:C11E 0003CH     READUPDATE             CODE 
 000D:C15A 0003CH     READFORMAT             CODE 
 000D:C196 0003EH     READSTATS              CODE 
 000D:C1D4 00125H     SHOWGETMSG             CODE 
 000D:C2FA 00127H     ERASEGETMS             CODE 
 000D:C422 0003CH     READVAR                CODE 
 000D:C45E 00047H     __ATPROMPT             CODE 
 000D:C4A6 00415H     __MENUTO               CODE 
 000D:C8BC 00BDFH     MENUMODAL              CODE 
 000D:D49C 000E6H     PUSHMENU               CODE 
 000D:D582 00069H     POPMENU                CODE 
 000D:D5EC 00073H     POPCHILD               CODE 
 000D:D660 00056H     POPALL                 CODE 
 000D:D6B6 00222H     EXECUTE                CODE 
 000D:D8D8 0009BH     MHITTEST               CODE 
 000D:D974 00223H     SHOWMSG                CODE 
 000D:DB98 0017BH     ISSHORTCUT             CODE 
 000D:DD14 00103H     ISQUICK                CODE 
 000D:DE18 00038H     _SETVIDEOM             CODE 
 000D:DE50 00043H     _ISGRAPHIC             CODE 
 000D:DE94 001B5H     _GETNUMCOL             CODE 
 000D:E04A 0060CH     ITEMAPI_TEXT           CODE 
 000D:E656 00042H     _DTXCONDSE             CODE 
 000D:E698 00034H     DBCREATEIN             CODE 
 000D:E6CC 00028H     DBSETINDEX             CODE 
 000D:E6F4 00021H     DBCLEARIND             CODE 
 000D:E716 00021H     DBREINDEX              CODE 
 000D:E738 00044H     DBSETORDER             CODE 
 000D:E77C 00021H     INDEXEXT               CODE 
 000D:E79E 0004EH     INDEXKEY               CODE 
 000D:E7EC 00030H     ORDDESCEND             CODE 
 000D:E81C 00030H     ORDKEYADD              CODE 
 000D:E84C 0002DH     ORDISUNIQU             CODE 
 000D:E87A 0002DH     ORDKEYCOUN             CODE 
 000D:E8A8 00030H     ORDKEYDEL              CODE 
 000D:E8D8 0005AH     ORDKEYGOTO             CODE 
 000D:E932 0002DH     ORDKEYNO               CODE 
 000D:E960 00024H     ORDKEYVAL              CODE 
 000D:E984 00088H     ORDSCOPE               CODE 
 000D:EA0C 0002CH     ORDSKIPUNI             CODE 
 000D:EA38 0004EH     ORDSETRELA             CODE 
 000D:EA86 00702H     RDDORD_TEXT            CODE 
 000D:F188 00A96H     RDDSVR_TEXT            CODE 
 000E:0000 005ECH     DBCMD0_TEXT            CODE 
 000E:05EC 00D00H     DBCMD1_TEXT            CODE 
 000E:12EC 0034EH     DBCMD2_TEXT            CODE 
 000E:163A 00406H     DBCMD3_TEXT            CODE 
 000E:1A40 000F0H     DBCMD5_TEXT            CODE 
 000E:1B30 00172H     LUPDATE_TEXT           CODE 
 000E:1CA2 00142H     DBJUNCT_TEXT           CODE 
 000E:1DE4 01BA0H     WORKAREA_TEXT          CODE 
 000E:3984 00284H     DBSTRUCT_TEXT          CODE 
 000E:3C08 00356H     DBCREATE_TEXT          CODE 
 000E:3F5E 0014BH     __DBLOCATE             CODE 
 000E:40AA 00067H     __DBCONTIN             CODE 
 000E:4112 000A3H     _DBCGENERR             CODE 
 000E:41B6 000DEH     __DBCOPY               CODE 
 000E:4294 00108H     __DBAPP                CODE 
 000E:439C 000B1H     __FLEDIT               CODE 
 000E:444E 0003AH     FURBOF                 CODE 
 000E:4488 004C0H     DBINFO_TEXT            CODE 
 000E:4948 00B6AH     DISKIO_TEXT            CODE 
 000E:54B2 001D6H     NET_TEXT               CODE 
 000E:5688 00548H     PHILES_TEXT            CODE 
 000E:5BD0 00BE1H     DBGAPI_TEXT            CODE 
 000E:67B1 000DDH     DEBUG_INIT_TEXT        CODE 
 000E:688E 0023EH     DBGSHADO_TEXT          CODE 
 000E:6ACC 005B1H     __DBGMENU              CODE 
 000E:707E 00085H     TOPHITTEST             CODE 
 000E:7104 0008BH     SUBHITTEST             CODE 
 000E:7190 000B2H     MNUTOPOS               CODE 
 000E:7242 000E2H     SHOWMENU               CODE 
 000E:7324 000AFH     HIDEMENU               CODE 
 000E:73D4 001C1H     PAINTMENU              CODE 
 000E:7596 00109H     PAINTITEM              CODE 
 000E:76A0 00098H     KEYSELECT              CODE 
 000E:7738 0005BH     __DBGMBAR              CODE 
 000E:7794 001ABH     __DBGCMD               CODE 
 000E:7940 001ABH     __WINDBGCM             CODE 
 000E:7AEC 000F8H     NEXTWORD               CODE 
 000E:7BE4 00116H     OLDCMD                 CODE 
 000E:7CFA 0017BH     __DBGCMDS              CODE 
 000E:7E76 00021H     __DBGSTATE             CODE 
 000E:7E98 0003CH     __DBGSAVES             CODE 
 000E:7ED4 00051H     __DBGRESTS             CODE 
 000E:7F26 000BBH     __DBGDOS               CODE 
 000E:7FE2 0002BH     __DBGSET               CODE 
 000E:800E 0003CH     __DBGCLR               CODE 
 000E:804A 0003EH     __DBGSCLR              CODE 
 000E:8088 00086H     __DBGCPICK             CODE 
 000E:810E 00045H     __DBGMKEY              CODE 
 000E:8154 00344H     __DBGTEXT              CODE 
 000E:8498 000ABH     __DBGCTEXT             CODE 
 000E:8544 00DF8H     INITMENUS              CODE 
 000E:933C 00045H     MNUADD                 CODE 
 000E:9382 00166H     MNUEND                 CODE 
 000E:94E8 00070H     __DBGSBAR              CODE 
 000E:9558 003E8H     GETOLDCOMM             CODE 
 000E:9940 00030H     __DBGNP                CODE 
 000E:9970 00030H     __DBGWP                CODE 
 000E:99A0 00030H     __DBGTP                CODE 
 000E:99D0 0003BH     __DBGFILE              CODE 
 000E:9A0C 00071H     __DBGHFILE             CODE 
 000E:9A7E 00033H     __DBGWFILE             CODE 
 000E:9AB2 00042H     __DBGSTEP              CODE 
 000E:9AF4 00042H     __DBGTABW              CODE 
 000E:9B36 00058H     __DBGDELP              CODE 
 000E:9B8E 00039H     __DBGINSP              CODE 
 000E:9BC8 00039H     __DBGLOOK              CODE 
 000E:9C02 00030H     __DBGSS                CODE 
 000E:9C32 00035H     __DBGPATHS             CODE 
 000E:9C68 00039H     __DBGLN                CODE 
 000E:9CA2 001CFH     INSPECTNEW             CODE 
 000E:9E72 000D0H     INSPECT                CODE 
 000E:9F42 000DBH     ARRAYINSPE             CODE 
 000E:A01E 00286H     OBJECTINSP             CODE 
 000E:A2A4 00090H     INSPECTMOD             CODE 
 000E:A334 00301H     INSPECTAPP             CODE 
 000E:A636 0037FH     INSPECTGET             CODE 
 000E:A9B6 0016DH     SHOWINSPEC             CODE 
 000E:AB24 000F1H     SHOWINSPNA             CODE 
 000E:AC16 0006CH     HIDEINSPEC             CODE 
 000E:AC82 0011DH     INSPTRANS              CODE 
 000E:ADA0 0005CH     AWITHIN                CODE 
 000E:ADFC 000A7H     INSTANCEVA             CODE 
 000E:AEA4 00036H     __DBGERROR             CODE 
 000E:AEDA 00059H     __DBGTERMA             CODE 
 000E:AF34 00021H     BREAKFAST              CODE 
 000E:AF56 0037BH     __DBGSETS              CODE 
 000E:B2D2 0010BH     INSPECTCOL             CODE 
 000E:B3DE 00036H     __DBGPATH              CODE 
 000E:B414 0013DH     FINDINPATH             CODE 
 000E:B552 00383H     SETVALN                CODE 
 000E:B8D6 00088H     INSPFORCES             CODE 
 000E:B95E 00068H     ISFILEEXT              CODE 
 000E:B9C6 000A0H     GETLEN                 CODE 
 000E:BA66 001E9H     DBLSHOWINI             CODE 
 000E:BC50 001E0H     DBLFILLINS             CODE 
 000E:BE30 00033H     YESNO                  CODE 
 000E:BE64 00343H     DBLBUILDOU             CODE 
 000E:C1A8 00078H     ITEMADD                CODE 
 000E:C220 00152H     __DBFLIST              CODE 
 000E:C372 00066H     DBLCREATEB             CODE 
 000E:C3D8 000A2H     DBLAREASOB             CODE 
 000E:C47A 0016DH     DBLITEMSOB             CODE 
 000E:C5E8 0005FH     DBLFIELDSO             CODE 
 000E:C648 0029AH     DBLEVENTLO             CODE 
 000E:C8E2 0010BH     DBLAREACHA             CODE 
 000E:C9EE 0009AH     DBLSETTLEA             CODE 
 000E:CA88 000E6H     DBLITEMEXP             CODE 
 000E:CB6E 00082H     DBLSWITCHP             CODE 
 000E:CBF0 00069H     DBLITEMNEX             CODE 
 000E:CC5A 0005DH     DBLITEMPRE             CODE 
 000E:CCB8 0005AH     DBLITEMLAS             CODE 
 000E:CD12 000C0H     DBLITEMSKI             CODE 
 000E:CDD2 00450H     __DBGHELP              CODE 
 000E:D222 0007EH     HLPPAGE                CODE 
 000E:D2A0 001C5H     HLPPAINTTO             CODE 
 000E:D466 0003FH     HLPNEWTOPI             CODE 
 000E:D4A6 0014FH     HLPGETTEXT             CODE 
 000E:D5F6 00074H     HLPTEXT2AR             CODE 
 000E:D66A 00054H     _ABNEW                 CODE 
 000E:D6BE 000C8H     _ABSETCOLU             CODE 
 000E:D786 00063H     _ABLOCK                CODE 
 000E:D7EA 0007BH     _ABSKIP                CODE 
 000E:D866 0024EH     _ABAPPLYKE             CODE 
 000E:DAB4 0013EH     __DBGHTTST             CODE 
 000E:DBF2 00016H     EMMALLOC_TEXT          CODE 
 000E:DC08 00020H     EMMCONTX_TEXT          CODE 
 000E:DC28 0003DH     EMMCOUNT_TEXT          CODE 
 000E:DC66 00010H     EMMFREE_TEXT           CODE 
 000E:DC76 00030H     EMMINST_TEXT           CODE 
 000E:DCA6 0001AH     EMMMAP_TEXT            CODE 
 000E:DCC0 00019H     EMMPAGE_TEXT           CODE 
 000E:DCDA 00017H     EMMVERS_TEXT           CODE 
 000E:DCF2 0004BH     GETCLRPAIR             CODE 
 000E:DD3E 00053H     SETCLRPAIR             CODE 
 000E:DD92 0006BH     GETPAIRPOS             CODE 
 000E:DDFE 0006BH     GETPAIRLEN             CODE 
 000E:DE6A 0003EH     GETCLRFORE             CODE 
 000E:DEA8 0003DH     GETCLRBACK             CODE 
 000E:DEE6 00063H     RADGRDEFCO             CODE 
 000E:DF4A 00087H     RADITDEFCO             CODE 
 000E:DFD2 00089H     LISTBDEFCO             CODE 
 000E:E05C 00090H     COMBODEFCO             CODE 
 000E:E0EC 0006DH     CHECKDEFCO             CODE 
 000E:E15A 0006DH     BUTTNDEFCO             CODE 
 000E:E1C8 00080H     MENUDEFCOL             CODE 
 000E:E248 00264H     APPLYDEFAU             CODE 
 000E:E4AC 00029H     RDDINIT$               CODE 
 000E:E4D6 0001AH     RDDSYS                 CODE 
 000E:E4F0 00096H     STRZERO                CODE 
 000E:E586 00024H     LENNUM                 CODE 
 000E:E5AA 000A6H     GETE_TEXT              CODE 
 000E:E650 003E5H     EXAMPLEA_TEXT          CODE 
 000E:EA36 00120H     ALLTRIM_TEXT           CODE 
 000E:EB56 00112H     RIGHT_TEXT             CODE 
 000E:EC68 000CCH     RAT_TEXT               CODE 
 000E:ED34 00138H     PADR_TEXT              CODE 
 000E:EE6C 00136H     PADC_TEXT              CODE 
 000E:EFA2 00006H     PAD_TEXT               CODE 
 000E:EFA8 00170H     IS_TEXT                CODE 
 000E:F118 00408H     STRTRAN_TEXT           CODE 
 000E:F520 00290H     STUFF_TEXT             CODE 
 000E:F7B0 00154H     ASCAN_TEXT             CODE 
 000E:F904 0037EH     ASORT_TEXT             CODE 
 000E:FC82 00043H     AFILL                  CODE 
 000E:FCC6 00097H     ACLONE                 CODE 
 000F:0000 01E9EH     TBROWSE0_TEXT          CODE 
 000F:1E9E 02CEAH     TBROWSE1_TEXT          CODE 
 000F:4B88 00026H     __TSETCARG             CODE 
 000F:4BAE 00088H     __TSETCOLU             CODE 
 000F:4C36 0001FH     __TCARGO               CODE 
 000F:4C56 00026H     __TCOLUMN              CODE 
 000F:4C7C 00020H     __TCOLCOUN             CODE 
 000F:4C9C 000E9H     __TBORDER              CODE 
 000F:4D86 00077H     __TSETRTOP             CODE 
 000F:4DFE 00078H     __TSETRLEF             CODE 
 000F:4E76 0008EH     __TSETRBOT             CODE 
 000F:4F04 0008DH     __TSETRRIG             CODE 
 000F:4F92 0004AH     __TSETHEAD             CODE 
 000F:4FDC 00049H     __TSETCOLS             CODE 
 000F:5026 0004AH     __TSETFOOT             CODE 
 000F:5070 00055H     __TSETCOLO             CODE 
 000F:50C6 0004CH     __TSETSKIP             CODE 
 000F:5112 0004DH     __TSETTOP              CODE 
 000F:5160 0004DH     __TSETBOTT             CODE 
 000F:51AE 0004AH     __TMESSAGE             CODE 
 000F:51F8 000EFH     __TSETKEY              CODE 
 000F:52E8 00028H     __TAPPLYKE             CODE 
 000F:5310 00066H     TAPPLYKEY              CODE 
 000F:5376 0005DH     __TSETSTYL             CODE 
 000F:53D4 00033H     __TADDCOLU             CODE 
 000F:5408 00055H     __TINSCOLU             CODE 
 000F:545E 00055H     __TDELCOLU             CODE 
 000F:54B4 00126H     TBROWSENEW             CODE 
 000F:55DA 001B5H     KBSETUP                CODE 
 000F:5790 0006DH     STSETUP                CODE 
 000F:57FE 00047H     __CSETWIDT             CODE 
 000F:5846 00047H     __CSETBLOC             CODE 
 000F:588E 0004AH     __CSETDEFC             CODE 
 000F:58D8 0004CH     __CSETCOLO             CODE 
 000F:5924 00049H     __CSETHEAD             CODE 
 000F:596E 00049H     __CSETFOOT             CODE 
 000F:59B8 00054H     __CSETHSEP             CODE 
 000F:5A0C 00054H     __CSETFSEP             CODE 
 000F:5A60 00053H     __CSETCOLS             CODE 
 000F:5AB4 00032H     __CSETPICT             CODE 
 000F:5AE6 0004BH     __CPREBLOC             CODE 
 000F:5B32 0004CH     __CPOSTBLO             CODE 
 000F:5B7E 00056H     __CSETSTYL             CODE 
 000F:5BD4 000A3H     TBCOLUMNNE             CODE 
 000F:5C78 000A9H     SKIPPED                CODE 
 000F:5D22 000D9H     SKIPPED                CODE 
 000F:5DFC 00078H     TBROWSEDB              CODE 
 000F:5E74 0003FH     EMPTYFILE              CODE 
 000F:5EB4 001EAH     CALLUSER               CODE 
 000F:609E 00765H     DBEDSETUP              CODE 
 000F:6804 0047BH     DBEDIT                 CODE 
 000F:6C80 0000BH     BEEP_TEXT              CODE 
 000F:6C8B 0037FH     KEYBD_DRIVER_TEXT      CODE 
 000F:700A 00474H     MOUSE_DRIVER_TEXT      CODE 
 000F:747E 05CE4H     DTX1_TEXT              CODE 
 000F:D162 00058H     DTX0_TEXT              CODE 
 000F:D1BA 00000H     DTXDYN_TEXT            CODE 
 000F:D1BA 00012H     NTXLOCK1_TEXT          CODE 
 000F:D1CC 0003AH     INITHANDL$             CODE 
 000F:D206 0003FH     LOCKERRHAN             CODE 
 000F:D246 0001AH     _NTXERR                CODE 
 000F:D260 004FEH     BRIG_TEXT              CODE 
 000F:D75E 0002AH     DBFNTXINI$             CODE 
 000F:D788 0001AH     DBFNTX                 CODE 
 000F:D7A2 00033H     BLICALC50              CODE 
 000F:D7D6 00028H     BLIMEMAVL              CODE 
 000F:D7FE 00026H     BLIMEMMAX              CODE 
 000F:D824 0001AH     BLPRFPRG               CODE 
 000F:D83E 00653H     BLERRC50               CODE 
 000F:DE92 001ADH     BLIERROR               CODE 
 000F:E040 0002BH     _DBFCDXIN$             CODE 
 000F:E06C 0001CH     _DBFCDX                CODE 
 000F:E088 0002BH     FILLCK_TEXT            CODE 
 000F:E0B4 0000BH     TIM_TEXT               CODE 
 000F:E0C0 00000H     RDDDYN_TEXT            CODE 
 000F:E0C0 000D3H     RDDINIT_TEXT           CODE 
 000F:E194 00000H     RDDLCKCL_TEXT          CODE 
 000F:E194 00000H     RDDTBL_TEXT            CODE 
 000F:E194 00156H     BTR_TEXT               CODE 
 000F:E2EA 008FFH     CDLS_TEXT              CODE 
 000F:EBEA 001DEH     CDLSKTXT_TEXT          CODE 
 000F:EDC8 0054EH     CDLT_TEXT              CODE 
 000F:F316 0021CH     CDPS_TEXT              CODE 
 000F:F532 000B8H     CDPSKTXT_TEXT          CODE 
 000F:F5EA 007D0H     CDPT_TEXT              CODE 
 000F:FDBA 001A2H     CDTITER_TEXT           CODE 
 0010:0000 00634H     CDTS_TEXT              CODE 
 0010:0634 009DBH     CDTT_TEXT              CODE 
 0010:1010 0028EH     CDXLCK_TEXT            CODE 
 0010:129E 0017FH     CDXS_TEXT              CODE 
 0010:141E 003E0H     CDXT_TEXT              CODE 
 0010:17FE 00000H     CHR_TEXT               CODE 
 0010:17FE 00142H     CHRINIT_TEXT           CODE 
 0010:1940 00082H     ERR_TEXT               CODE 
 0010:19C2 000B5H     FILT_TEXT              CODE 
 0010:1A78 0005CH     FNM_TEXT               CODE 
 0010:1AD4 000BAH     FNMC_TEXT              CODE 
 0010:1B8E 007ABH     FUNNEW_TEXT            CODE 
 0010:233A 001CCH     LST_TEXT               CODE 
 0010:2506 0031EH     OBB_TEXT               CODE 
 0010:2824 000BEH     OBGS_TEXT              CODE 
 0010:28E2 00232H     OBGT_TEXT              CODE 
 0010:2B14 00458H     OBL_TEXT               CODE 
 0010:2F6C 0014FH     ORDFOR_TEXT            CODE 
 0010:30BC 00321H     ORDS_TEXT              CODE 
 0010:33DE 0023DH     ORDSCOPE_TEXT          CODE 
 0010:361C 00408H     ORDT_TEXT              CODE 
 0010:3A24 001EFH     RNGS_TEXT              CODE 
 0010:3C14 00322H     RNGT_TEXT              CODE 
 0010:3F36 00077H     STR_TEXT               CODE 
 0010:3FAE 0003AH     STRCMP_TEXT            CODE 
 0010:3FE8 00049H     STRPADR_TEXT           CODE 
 0010:4032 0003DH     STRUP_TEXT             CODE 
 0010:4070 00000H     TINDAT_TEXT            CODE 
 0010:4070 00624H     TINKEYNO_TEXT          CODE 
 0010:4694 001C2H     TINKEYOP_TEXT          CODE 
 0010:4856 000ADH     TINKEYVA_TEXT          CODE 
 0010:4904 001EAH     TINLINOP_TEXT          CODE 
 0010:4AEE 00161H     TINREL_TEXT            CODE 
 0010:4C50 003E0H     TINS_TEXT              CODE 
 0010:5030 00183H     TINSKIPU_TEXT          CODE 
 0010:51B4 00A95H     TINT_TEXT              CODE 
 0010:5C4A 001F6H     VALCVTST_TEXT          CODE 
 0010:5E40 00118H     VALPUT_TEXT            CODE 
 0010:5F58 00193H     VALU_TEXT              CODE 
 0010:60EC 0015AH     VALUE_TEXT             CODE 
 0010:6246 000B2H     WKAFLD_TEXT            CODE 
 0010:62F8 00171H     BFLS_TEXT              CODE 
 0010:646A 0002BH     BFLT_TEXT              CODE 
 0010:6496 00100H     CBLS_TEXT              CODE 
 0010:6596 00215H     CBLT_TEXT              CODE 
 0010:67AC 0007AH     ERRRAISE_TEXT          CODE 
 0010:6826 00456H     ORDNEW_TEXT            CODE 
 0010:6C7C 001A2H     BFLIO_TEXT             CODE 
 0010:6E1E 00068H     NEW_TEXT               CODE 
 0010:6E86 000D3H     EXT_TEXT               CODE 
 0010:6F5A 00236H     TBLNEXT_TEXT           CODE 
 0010:7190 00000H     HSTTBL_TEXT            CODE 
 0010:7190 00687H     RDDORDIN_TEXT          CODE 
 0010:7818 000B5H     RDDORDS_TEXT           CODE 
 0010:78CE 005FEH     RDDORDT_TEXT           CODE 
 0010:7ECC 000A3H     TBLOPEN_TEXT           CODE 
 0010:7F70 00012H     RDDOPT_TEXT            CODE 
 0010:7F82 00098H     RDDOPT2_TEXT           CODE 
 0010:801A 002DCH     OPTCVTOP_TEXT          CODE 
 0010:82F6 009C7H     OPTRESOL_TEXT          CODE 
 0010:8CBE 002DBH     OPTSIG_TEXT            CODE 
 0010:8F9A 00143H     RCLS_TEXT              CODE 
 0010:90DE 00490H     RCLT_TEXT              CODE 
 0010:956E 00098H     RLP_TEXT               CODE 
 0010:9606 006DEH     TINOPT_TEXT            CODE 
 0010:9CE4 00215H     PTRSEMANT_TEXT         CODE 
 0010:9EFA 000CCH     PTRLINK_TEXT           CODE 
 0010:9FC6 002F5H     PTRCVTST_TEXT          CODE 
 0010:A2BC 001BCH     PTRMEM_TEXT            CODE 
 0010:A478 00479H     PTRCLIP_TEXT           CODE 
 0010:A8F2 006C1H     PTRTOKEN_TEXT          CODE 
 0010:AFB4 00194H     PTREVAL_TEXT           CODE 
 0010:B148 003F6H     FUNLOHI_TEXT           CODE 
 0010:B53E 0025BH     BMP_TEXT               CODE 
 0010:B79A 0012AH     VMM_TEXT               CODE 
 0010:B8C4 00175H     VBM_TEXT               CODE 
 0010:BA3A 003B5H     BMA_TEXT               CODE 
 0010:BDF0 0006FH     TBLOPT_TEXT            CODE 
 0010:BE60 000ACH     FTB_TEXT               CODE 
 0010:BF0C 000E0H     AINS_TEXT              CODE 
 0010:BFEC 000D8H     _EINSTVAR              CODE 
 0010:C0C4 0023EH     VBLOCK_TEXT            CODE 
 0010:C302 002B2H     TBCREATE               CODE 
 0010:C5B4 000DEH     TBCLOSE                CODE 
 0010:C692 00062H     TBDISPLAY              CODE 
 0010:C6F4 0002BH     TBADDCOL               CODE 
 0010:C720 0002DH     TBINSCOL               CODE 
 0010:C74E 001D5H     MAKECOLUMN             CODE 
 0010:C924 00068H     TBDELCOL               CODE 
 0010:C98C 0003FH     TBSBLOCK               CODE 
 0010:C9CC 0003FH     TBFBLOCK               CODE 
 0010:CA0C 0003FH     TBBBLOCK               CODE 
 0010:CA4C 00051H     TBGOTOP                CODE 
 0010:CA9E 000CEH     TBGOBOT                CODE 
 0010:CB6C 001F0H     TBSKIP                 CODE 
 0010:CD5C 001AEH     TBMODAL                CODE 
 0010:CF0A 00240H     TBEDITCELL             CODE 
 0010:D14A 00046H     INSTOGGLE              CODE 
 0010:D190 000DAH     TBMOUSE                CODE 
 0010:D26A 0007BH     FIELDNBLOC             CODE 
 0010:D2E6 000F2H     FIELDNPUT              CODE 
 0011:0000 03EFEH     DBF1_TEXT              CODE 
 0011:3EFE 00042H     DBF0_TEXT              CODE 
 0011:3F40 00000H     DBFDYN_TEXT            CODE 
 0011:3F40 00027H     DBFINIT$               CODE 
 0011:3F68 0001AH     DBFONLY                CODE 
 0011:3F82 01ABCH     SORTOF_TEXT            CODE 
 0011:5A40 00A06H     COMDAT_SEG             CODE 
 0012:0000 00016H     $$$OVLDYN              CODE                   BLICLPMGR
 0013:0000 00000H     C_ETEXT                ENDCODE 
 0013:0000 02468H     $$$KRNCDE              BLIKRNMGR              BLIKRNMGR
 0013:2468 0083EH     $$$KRNDAT              BLIKRNMGR              BLIKRNMGR
 0013:2CB0 00040H     $$$KRNINI              BLIKRNMGR              BLIKRNMGR
 0013:2CF0 00000H     $$$KRNEXI              BLIKRNMGR              BLIKRNMGR
 0013:2CF0 00000H     $$$KRNEND              BLIKRNMGR              BLIKRNMGR
 0014:0000 00000H     _SYMSTART              SYMSTART 
 0014:0000 04640H     SYMBOLS                SYMBOLS 
 0014:4640 000A0H     SYMBOLS                SYMBOLS 
 0014:46E0 00020H     SYMBOLS                SYMBOLS 
 0014:4700 000C0H     SYMBOLS                SYMBOLS 
 0014:47C0 00120H     SYMBOLS                SYMBOLS 
 0014:48E0 00030H     SYMBOLS                SYMBOLS 
 0014:4910 00020H     SYMBOLS                SYMBOLS 
 0014:4930 00120H     SYMBOLS                SYMBOLS 
 0014:4A50 00000H     SYMBOLS                SYMBOLS 
 0014:4A50 00000H     SYMBOLS                SYMBOLS 
 0014:4A50 00040H     SYMBOLS                SYMBOLS 
 0014:4A90 00010H     SYMBOLS                SYMBOLS 
 0014:4AA0 00010H     SYMBOLS                SYMBOLS 
 0014:4AB0 001E0H     SYMBOLS                SYMBOLS 
 0014:4C90 00190H     SYMBOLS                SYMBOLS 
 0014:4E20 00020H     SYMBOLS                SYMBOLS 
 0014:4E40 00010H     SYMBOLS                SYMBOLS 
 0014:4E50 00000H     SYMBOLS                SYMBOLS 
 0014:4E50 000A0H     SYMBOLS                SYMBOLS 
 0014:4EF0 00470H     SYMBOLS                SYMBOLS 
 0014:5360 00050H     SYMBOLS                SYMBOLS 
 0014:53B0 00020H     SYMBOLS                SYMBOLS 
 0014:53D0 00020H     SYMBOLS                SYMBOLS 
 0014:53F0 00000H     SYMBOLS                SYMBOLS 
 0014:53F0 00010H     SYMBOLS                SYMBOLS 
 0014:5400 00020H     SYMBOLS                SYMBOLS 
 0014:5420 00050H     SYMBOLS                SYMBOLS 
 0014:5470 00040H     SYMBOLS                SYMBOLS 
 0014:54B0 00000H     SYMBOLS                SYMBOLS 
 0014:54B0 00020H     SYMBOLS                SYMBOLS 
 0014:54D0 00000H     SYMBOLS                SYMBOLS 
 0014:54D0 00020H     SYMBOLS                SYMBOLS 
 0014:54F0 00300H     SYMBOLS                SYMBOLS 
 0014:57F0 00630H     SYMBOLS                SYMBOLS 
 0014:5E20 00010H     SYMBOLS                SYMBOLS 
 0014:5E30 00050H     SYMBOLS                SYMBOLS 
 0014:5E80 00170H     SYMBOLS                SYMBOLS 
 0014:5FF0 00010H     SYMBOLS                SYMBOLS 
 0014:6000 00150H     SYMBOLS                SYMBOLS 
 0014:6150 00030H     SYMBOLS                SYMBOLS 
 0014:6180 000E0H     SYMBOLS                SYMBOLS 
 0014:6260 00010H     SYMBOLS                SYMBOLS 
 0014:6270 00270H     SYMBOLS                SYMBOLS 
 0014:64E0 00400H     SYMBOLS                SYMBOLS 
 0014:68E0 001E0H     SYMBOLS                SYMBOLS 
 0014:6AC0 00080H     SYMBOLS                SYMBOLS 
 0014:6B40 000A0H     SYMBOLS                SYMBOLS 
 0014:6BE0 000C0H     SYMBOLS                SYMBOLS 
 0014:6CA0 00030H     SYMBOLS                SYMBOLS 
 0014:6CD0 00000H     SYMBOLS                SYMBOLS 
 0014:6CD0 00000H     SYMBOLS                SYMBOLS 
 0014:6CD0 00000H     SYMBOLS                SYMBOLS 
 0014:6CD0 00380H     SYMBOLS                SYMBOLS 
 0014:7050 00050H     SYMBOLS                SYMBOLS 
 0014:70A0 000E0H     SYMBOLS                SYMBOLS 
 0014:7180 00030H     SYMBOLS                SYMBOLS 
 0014:71B0 00030H     SYMBOLS                SYMBOLS 
 0014:71E0 00060H     SYMBOLS                SYMBOLS 
 0014:7240 00070H     SYMBOLS                SYMBOLS 
 0014:72B0 00020H     SYMBOLS                SYMBOLS 
 0014:72D0 00020H     SYMBOLS                SYMBOLS 
 0014:72F0 00250H     SYMBOLS                SYMBOLS 
 0014:7540 00020H     SYMBOLS                SYMBOLS 
 0014:7560 00000H     _SYMEND                SYMEND 
 0014:7560 00002H     RATAPI_DATA            DATA 
 0014:7562 00000H     _CONST                 CONST 
 0014:7562 001A2H     OPERR                  CONST 
 0014:7704 00000H     _MSG                   MSG 
 0014:7704 00000H     _BEGBSS                BEGBSS 
 0014:7704 00000H     _ENDBSS                ENDBSS 
 0014:7710 00002H     AUTYIELD5_DATA         FAR_DATA 
 0014:7720 002F8H     CL53RDD5_DATA          FAR_DATA 
 0014:7A20 00012H     FLEXAREA5_DATA         FAR_DATA 
 0014:7A40 00004H     COMPRESS5_DATA         FAR_DATA 
 0014:7A50 00007H     CLRDDSUB5_DATA         FAR_DATA 
 0014:7A60 00006H     CLCORE5_DATA           FAR_DATA 
 0014:7A70 00169H     EMULATOR_DATA          FAR_DATA 
 0014:7BDA 01B9AH     MACRO5_DATA            FAR_DATA 
 0014:9774 000D2H     _ESEG_DATA             FAR_DATA 
 0014:9846 00054H     RDDTBL_DATA1           FAR_DATA 
 0015:0000 00000H     DMTB                   DLL                    DMT_GROUP
 0015:0000 0001CH     DMT                    DLL                    DMT_GROUP
 0015:001C 00000H     DMTE                   DLL                    DMT_GROUP
 0016:0000 00000H     $$DYNBEGIN             $$DYNBEGIN             DYNGROUP
 0016:0000 00088H     $$DYNFNAMES            $$DYNFNAMES            DYNGROUP
 0016:0090 00000H     $$DYNBPAGES            $$DYNPAGES             DYNGROUP
 0016:0090 00000H     $$DYNPAGES             $$DYNPAGES             DYNGROUP
 0016:0090 00000H     $$DYNEND               $$DYNEND               DYNGROUP
 0017:0000 0000AH     RDDINIT_DATA1          FAR_CONST 
 0017:000A 00002H     CDXT_DATA1             FAR_CONST 
 0017:000C 00001H     ORDFOR_DATA1           FAR_CONST 
 0017:000E 00008H     VALCVTST_DATA1         FAR_CONST 
 0017:0016 00007H     OPTCVTOP_DATA1         FAR_CONST 
 0017:001E 00006H     OPTSIG_DATA1           FAR_CONST 
 0017:0024 00014H     PTRSEMANT_DATA1        FAR_CONST 
 0017:0038 00007H     PTRCVTST_DATA1         FAR_CONST 
 0017:0040 0002CH     PTRCLIP_DATA1          FAR_CONST 
 0017:006C 00019H     PTRTOKEN_DATA1         FAR_CONST 
 0017:0086 00013H     FTB_DATA1              FAR_CONST 
 0018:0000 00010H     NULL                   BEGDATA                DGROUP
 0018:0010 01A96H     _DATA                  DATA                   DGROUP
 0018:1AB0 00002H     _DATA                  DATA                   DGROUP
 0018:1AB2 03AFBH     _DATA                  DATA                   DGROUP
 0018:55AE 00000H     _SYMPB                 DATA                   DGROUP
 0018:55AE 00020H     _SYMP                  DATA                   DGROUP
 0018:55CE 00000H     _SYMPE                 DATA                   DGROUP
 0018:55CE 00022H     _DATAINCODE            DATA                   DGROUP
 0018:55F0 00000H     XNCB                   DATA                   DGROUP
 0018:55F0 00034H     XNC                    DATA                   DGROUP
 0018:5624 00000H     XNCE                   DATA                   DGROUP
 0018:5630 00004H     DATA                   DATA                   DGROUP
 0018:5634 00034H     DYN_DATA               DATA                   DGROUP
 0018:5668 00000H     XIB                    DATA                   DGROUP
 0018:5668 0000CH     XI                     DATA                   DGROUP
 0018:5674 00000H     XIE                    DATA                   DGROUP
 0018:5674 00002H     XIQC                   DATA                   DGROUP
 0018:5676 0000CH     DBDATA                 DATA                   DGROUP
 0018:5682 0000EH     CDATA                  DATA                   DGROUP
 0018:5690 00000H     XIFB                   DATA                   DGROUP
 0018:5690 00004H     XIF                    DATA                   DGROUP
 0018:5694 00000H     XIFE                   DATA                   DGROUP
 0018:5694 00000H     XPB                    DATA                   DGROUP
 0018:5694 00000H     XP                     DATA                   DGROUP
 0018:5694 00000H     XPE                    DATA                   DGROUP
 0018:5694 00000H     XCB                    DATA                   DGROUP
 0018:5694 00000H     XC                     DATA                   DGROUP
 0018:5694 00000H     XCE                    DATA                   DGROUP
 0018:5694 00000H     XCFB                   DATA                   DGROUP
 0018:5694 00000H     XCFCRT                 DATA                   DGROUP
 0018:5694 00000H     XCF                    DATA                   DGROUP
 0018:5694 00000H     XCFE                   DATA                   DGROUP
 0018:5694 00000H     XIFCB                  DATA                   DGROUP
 0018:5694 00000H     XIFU                   DATA                   DGROUP
 0018:5694 00000H     XIFL                   DATA                   DGROUP
 0018:5694 00000H     XIFM                   DATA                   DGROUP
 0018:5694 00000H     XIFCE                  DATA                   DGROUP
 0018:56A0 0014CH     $LIB_TABLE             DATA                   DGROUP
 0018:57EC 00000H     XDBGB                  DATA                   DGROUP
 0018:57EC 00000H     XDBG                   DATA                   DGROUP
 0018:57EC 00000H     XDBGE                  DATA                   DGROUP
 0018:57EC 00004H     CONST2                 DATA                   DGROUP
 0018:57F0 000F6H     CONST                  CONST                  DGROUP
 0018:58E6 00008H     HDR                    MSG                    DGROUP
 0018:58EE 00208H     MSG                    MSG                    DGROUP
 0018:5AF6 00002H     PAD                    MSG                    DGROUP
 0018:5AF8 00001H     EPAD                   MSG                    DGROUP
 0018:5AFA 00532H     _BSS                   BSS                    DGROUP
 0018:602C 00000H     XOB                    BSS                    DGROUP
 0018:602C 00000H     XO                     BSS                    DGROUP
 0018:602C 00000H     XOE                    BSS                    DGROUP
 0018:602C 00000H     XOFB                   BSS                    DGROUP
 0018:602C 00000H     XOF                    BSS                    DGROUP
 0018:602C 00000H     XOFE                   BSS                    DGROUP
 0018:6030 00086H     C_COMMON               BSS                    DGROUP
 0018:60C0 04F20H     STACK                  STACK                  DGROUP

 Origin    Group
 0008:0000 TGROUP
 0009:0000 NTGROUP
 0012:0000 BLICLPMGR
 0013:0000 BLIKRNMGR
 0015:0000 DMT_GROUP
 0016:0000 DYNGROUP
 0018:0000 DGROUP

 Program entry point at 0013:0000

